{
  "state": "primary",
  "fontScale": 1.3,
  "elements": []
}
