{
  "state": "primary",
  "fontScale": 1.2,
  "elements": []
}
