{
  "state": "primary",
  "fontScale": 1.0,
  "elements": []
}
